[Page:Objects]
PageContent=#INCLUDE(ObjectsText)

[PageHeaders]
Objects=The objects

[Links]
Objects=The objects

[ObjectsText]
<p>Every object that is not a character, with its starting position and values, from the object records at #R$C00B. 'Places' lists the room (or rooms, for doors and rivers that belong to two or more places) the object is in; 'Held by' is the object or character holding it. The last column lists the actions the object has its own handlers for; anything else falls back on the default handlers (#R$C61F).</p>
<table>
<tr><th>No.</th><th>Object</th><th>Places</th><th>Held by</th><th>Size</th><th>Weight</th><th>Strength</th><th>Defence</th><th>Flags</th><th>Own handlers</th></tr>
<tr><td>1</td><td>heavy rock door</td><td>7 trolls cave,6 trolls path</td><td>-</td><td>255</td><td>255</td><td>0</td><td>144</td><td>locked</td><td>STRIKE (#R$9257), CLOSE (#R$90A2), OPEN (#R$9078), LOOK THROUGH (#R$8E4E), GO THROUGH (#R$8E9D), LOCK (#R$A268), UNLOCK (#R$A268), THROW THROUGH (#R$9404)</td></tr>
<tr><td>2</td><td>small curious key</td><td>13 goblins dungeon</td><td>goblins cache</td><td>0</td><td>0</td><td>0</td><td>0</td><td>-</td><td>-</td></tr>
<tr><td>3</td><td>curious map</td><td>1 tunnel like hall</td><td>gandalf</td><td>2</td><td>0</td><td>0</td><td>2</td><td>-</td><td>EXAMINE (#R$A6B8)</td></tr>
<tr><td>4</td><td>large key</td><td>5 trolls clearing</td><td>hideous troll</td><td>1</td><td>1</td><td>0</td><td>0</td><td>-</td><td>-</td></tr>
<tr><td>5</td><td>round green door</td><td>1 tunnel like hall,4 lonelands</td><td>-</td><td>255</td><td>255</td><td>0</td><td>16</td><td>-</td><td>STRIKE (#R$9257), CLOSE (#R$90A2), OPEN (#R$9078), LOOK THROUGH (#R$8E4E), GO THROUGH (#R$8E9D), LOCK (#R$A288), UNLOCK (#R$A288), THROW THROUGH (#R$9404)</td></tr>
<tr><td>6</td><td>small insignificant crack</td><td>14 large dry cave,15 dark stuffy passage</td><td>-</td><td>255</td><td>255</td><td>255</td><td>0</td><td>-</td><td>OPEN (#R$A298), CLOSE (#R$90A2), GO THROUGH (#R$8E9D), LOOK THROUGH (#R$8E4E)</td></tr>
<tr><td>7</td><td>spider web</td><td>26 spider threads place,28 levelled elvish clearing,27 smothering forest,29 deep bog,50 green forest</td><td>-</td><td>160</td><td>80</td><td>64</td><td>64</td><td>-</td><td>STRIKE (#R$9257), GO THROUGH (#R$8E9D)</td></tr>
<tr><td>8</td><td>red door</td><td>31 dark dungeon,30 elvenkings great halls,32 elvenkings cellar</td><td>-</td><td>255</td><td>255</td><td>0</td><td>0</td><td>locked</td><td>OPEN (#R$9078), CLOSE (#R$90A2), LOOK THROUGH (#R$8E4E), GO THROUGH (#R$8E9D), LOCK (#R$A264), UNLOCK (#R$A264), THROW THROUGH (#R$9404)</td></tr>
<tr><td>9</td><td>fast black river</td><td>66 west bank,67 east bank,25 bewitched gloomy place</td><td>-</td><td>255</td><td>255</td><td>0</td><td>0</td><td>pours full</td><td>PUT IN (#R$9392), DROP IN (#R$9392), LOOK ACROSS (#R$8E5A), SWIM (#R$A240)</td></tr>
<tr><td>10</td><td>goblins back door</td><td>19 inside goblins gate,20 outside goblins gate</td><td>-</td><td>64</td><td>255</td><td>80</td><td>80</td><td>-</td><td>OPEN (#R$9078), CLOSE (#R$90A2), STRIKE (#R$9257), LOOK THROUGH (#R$8E4E), GO THROUGH (#R$8E9D), THROW THROUGH (#R$9404)</td></tr>
<tr><td>11</td><td>mountains side door</td><td>42 sidedoor,43 smooth straight passage</td><td>-</td><td>255</td><td>255</td><td>0</td><td>0</td><td>locked</td><td>CLOSE (#R$90A2), UNLOCK (#R$A260), GO THROUGH (#R$8E9D), LOOK THROUGH (#R$8E4E), THROW THROUGH (#R$9404)</td></tr>
<tr><td>12</td><td>large trap door</td><td>32 elvenkings cellar,33 forestriver</td><td>-</td><td>255</td><td>255</td><td>0</td><td>48</td><td>-</td><td>OPEN (#R$A577), CLOSE (#R$A577), STRIKE (#R$9257), LOOK THROUGH (#R$8E4E), GO THROUGH (#R$8E9D), THROW THROUGH (#R$9404)</td></tr>
<tr><td>13</td><td>magic door</td><td>30 elvenkings great halls,28 levelled elvish clearing</td><td>-</td><td>255</td><td>255</td><td>255</td><td>255</td><td>-</td><td>GO THROUGH (#R$8E9D), LOOK THROUGH (#R$8E4E), THROW THROUGH (#R$9404), EXAMINE (#R$A614)</td></tr>
<tr><td>14</td><td>short strong sword</td><td>7 trolls cave</td><td>-</td><td>3</td><td>4</td><td>64</td><td>128</td><td>full on</td><td>STRIKE (#R$9257)</td></tr>
<tr><td>15</td><td>red key</td><td>32 elvenkings cellar</td><td>butler</td><td>2</td><td>2</td><td>2</td><td>2</td><td>-</td><td>-</td></tr>
<tr><td>16</td><td>valuable golden ring</td><td>61 dark stuffy passage</td><td>-</td><td>0</td><td>0</td><td>255</td><td>0</td><td>-</td><td>WEAR (#R$A2C0), TAKE OFF (#R$A2EC)</td></tr>
<tr><td>17</td><td>goblins door</td><td>16 big goblins cavern,13 goblins dungeon</td><td>-</td><td>255</td><td>255</td><td>255</td><td>255</td><td>-</td><td>OPEN (#R$A3E7), CLOSE (#R$90A2), GO THROUGH (#R$8E9D), LOOK THROUGH (#R$8E4E), THROW THROUGH (#R$9404)</td></tr>
<tr><td>18</td><td>rope</td><td>7 trolls cave</td><td>-</td><td>2</td><td>2</td><td>32</td><td>5</td><td>-</td><td>THROW ACROSS (#R$A708), TIE TO (#R$A178), PULL (#R$A76A)</td></tr>
<tr><td>19</td><td>barrel</td><td>32 elvenkings cellar</td><td>-</td><td>32</td><td>3</td><td>32</td><td>32</td><td>full</td><td>OPEN (#R$9078), CLOSE (#R$90A2), PUT IN (#R$91B9), FILL (#R$8ED3), EMPTY (#R$936E), JUMP ONTO (#R$A91B), CLIMB INTO (#R$A486), STRIKE (#R$9257)</td></tr>
<tr><td>20</td><td>wine</td><td>32 elvenkings cellar</td><td>barrel</td><td>31</td><td>5</td><td>0</td><td>0</td><td>pours</td><td>DRINK (#R$9206)</td></tr>
<tr><td>21</td><td>water</td><td>nowhere (location 0)</td><td>-</td><td>31</td><td>5</td><td>0</td><td>0</td><td>pours</td><td>DRINK (#R$9206)</td></tr>
<tr><td>22</td><td>black water</td><td>nowhere (location 0)</td><td>-</td><td>31</td><td>5</td><td>0</td><td>0</td><td>pours</td><td>DRINK (#R$A258)</td></tr>
<tr><td>23</td><td>water</td><td>8 running river,33 forestriver,34 long lake,36 running river,49 great river,45 waterfall,17 deep dark lake,23 forestriver</td><td>-</td><td>0</td><td>5</td><td>0</td><td>0</td><td>pours</td><td>DRINK (#R$A174)</td></tr>
<tr><td>24</td><td>black water</td><td>25 bewitched gloomy place,66 west bank,67 east bank</td><td>-</td><td>31</td><td>5</td><td>0</td><td>0</td><td>pours</td><td>DRINK (#R$A258)</td></tr>
<tr><td>25</td><td>bow</td><td>35 lake town</td><td>bard</td><td>5</td><td>3</td><td>16</td><td>16</td><td>-</td><td>STRIKE (#R$9257)</td></tr>
<tr><td>26</td><td>strong arrow</td><td>35 lake town</td><td>bard</td><td>2</td><td>1</td><td>16</td><td>16</td><td>-</td><td>STRIKE (#R$9257)</td></tr>
<tr><td>27</td><td>window</td><td>13 goblins dungeon,18 dark winding passage</td><td>-</td><td>96</td><td>255</td><td>112</td><td>112</td><td>-</td><td>GO THROUGH (#R$A678), STRIKE (#R$A678), OPEN (#R$A655), CLOSE (#R$A655), LOOK THROUGH (#R$A678)</td></tr>
<tr><td>28</td><td>torch</td><td>16 big goblins cavern,30 elvenkings great halls</td><td>-</td><td>5</td><td>5</td><td>128</td><td>128</td><td>full on</td><td>-</td></tr>
<tr><td>29</td><td>sand</td><td>13 goblins dungeon</td><td>-</td><td>101</td><td>101</td><td>0</td><td>0</td><td>-</td><td>DIG (#R$8FCF), PUT IN (#R$91B9)</td></tr>
<tr><td>30</td><td>trap door</td><td>13 goblins dungeon</td><td>sand</td><td>255</td><td>255</td><td>128</td><td>128</td><td>locked</td><td>STRIKE (#R$9257), UNLOCK (#R$A288), OPEN (#R$9078)</td></tr>
<tr><td>31</td><td>goblins cache</td><td>13 goblins dungeon</td><td>trap door</td><td>255</td><td>255</td><td>0</td><td>0</td><td>open</td><td>PUT IN (#R$91B9), TAKE OUT OF (#R$8C75)</td></tr>
<tr><td>32</td><td>heavy curtain</td><td>22 beorns house</td><td>-</td><td>255</td><td>255</td><td>0</td><td>0</td><td>-</td><td>OPEN (#R$9078), CLOSE (#R$90A2)</td></tr>
<tr><td>33</td><td>large cupboard</td><td>22 beorns house</td><td>wall</td><td>255</td><td>255</td><td>0</td><td>0</td><td>-</td><td>OPEN (#R$9078), CLOSE (#R$90A2), PUT IN (#R$91B9), TAKE OUT OF (#R$8C75), STRIKE (#R$9257)</td></tr>
<tr><td>34</td><td>food</td><td>22 beorns house</td><td>large cupboard</td><td>5</td><td>5</td><td>1</td><td>0</td><td>-</td><td>EAT (#R$921F)</td></tr>
<tr><td>35</td><td>valuable treasure</td><td>41 lower halls</td><td>-</td><td>32</td><td>32</td><td>5</td><td>5</td><td>-</td><td>-</td></tr>
<tr><td>36</td><td>wall</td><td>22 beorns house</td><td>heavy curtain</td><td>255</td><td>255</td><td>0</td><td>0</td><td>open</td><td>-</td></tr>
<tr><td>37</td><td>wooden chest</td><td>1 tunnel like hall</td><td>-</td><td>64</td><td>255</td><td>0</td><td>0</td><td>-</td><td>OPEN (#R$9078), CLOSE (#R$90A2), PUT IN (#R$91B9), DROP IN (#R$91B9), TAKE OUT OF (#R$8C75), STRIKE (#R$9257), CLIMB INTO (#R$A486)</td></tr>
<tr><td>38</td><td>lunch</td><td>nowhere (location 0)</td><td>-</td><td>5</td><td>5</td><td>1</td><td>0</td><td>-</td><td>EAT (#R$921F)</td></tr>
<tr><td>39</td><td>strong portcullis</td><td>33 forestriver,34 long lake</td><td>-</td><td>144</td><td>255</td><td>0</td><td>0</td><td>-</td><td>GO THROUGH (#R$8E9D)</td></tr>
<tr><td>40</td><td>stone</td><td>47 empty place</td><td>-</td><td>254</td><td>254</td><td>255</td><td>255</td><td>-</td><td>-</td></tr>
<tr><td>41</td><td>wooden boat</td><td>67 east bank</td><td>-</td><td>64</td><td>255</td><td>0</td><td>0</td><td>open</td><td>PUT IN (#R$91B9), DROP IN (#R$91B9), TAKE OUT OF (#R$8C75), STRIKE (#R$9257), CLIMB INTO (#R$A486)</td></tr>
<tr><td>42</td><td>fast river</td><td>23 forestriver,33 forestriver</td><td>-</td><td>255</td><td>255</td><td>0</td><td>0</td><td>pours full</td><td>PUT IN (#R$9392), DROP IN (#R$9392), LOOK ACROSS (#R$8E5A), SWIM (#R$A1FD)</td></tr>
<tr><td>43</td><td>golden key</td><td>79 deep misty valley</td><td>-</td><td>0</td><td>0</td><td>0</td><td>0</td><td>-</td><td>-</td></tr>
</table>
<h2>What the numbers mean</h2>
<p><b>Size</b> (byte 2) is how much room the object takes up in a container (#R$91B9) or a room, or when passing through a doorway; for a container it is also how much it can hold. <b>Weight</b> (byte 3) decides whether it can be lifted (#R$8C86). A size and weight of 255 marks a fixture - doors, the cupboard, the curtain - that can never be picked up. The stone (254) is too heavy for anyone except the wood elf (capacity 255).</p>
<p><b>Strength</b> and <b>defence</b> matter when the object is used as a weapon or is broken (#R$90DB, #R$9257): the sword (64/128) is the best weapon; the bow and arrow are weak as clubs (16/16) but deadly when SHOT (#R$8FE0); doors with a defence of 0 cannot be broken at all.</p>
<p><b>Flags</b> (byte 7): <i>locked</i>, <i>pours</i> (a liquid: it can be drunk or poured, and evaporates if dropped), <i>full</i>, <i>broken</i>, <i>on</i> (the sword glows, #R$954D; the torches burn), <i>open</i>. Every object starts visible except the side door of the Lonely Mountain, which only appears now and then (#R$A985).</p>
<p><b>Byte 4</b> (not shown) says how an object's contents are described (#R$9F89): in (0), on (1), behind (2), under (3) or tied to (4) - 'behind the heavy curtain there is a wall', 'under the trap door there is the goblins cache'. Bit 7 is set for the window, which Bilbo cannot climb through unaided (#R$A678).</p>
<h2>Notes</h2>
<p>Objects 21, 22 and 38 start at location 0, which is nowhere: they are spares. The water and black water are brought into play when a container is filled from a river (#R$8ED3), and the lunch when Elrond hands it over (#R$A8D9).</p>
<p>The small curious key is hidden three deep in the goblins' dungeon: inside the goblins' cache, which is under a trap door, which is buried in the sand. DIG opens the sand (#R$8FCF). The trap door is locked, and its UNLOCK handler (at $A288 in #R$A26A) always answers 'the key does not fit this lock', so the only way in is to break it.</p>
<p>The round green door's LOCK and UNLOCK handlers give the same 'does not fit' reply: Bag End's front door cannot be locked or unlocked with any key.</p>
<p>The golden key (object 43) lies in the deep misty valley (room 79), at the end of a dead-end path. No lock in the game accepts it - the key check (#R$A26A) only knows the small curious key, the large key and the red key - so it opens nothing.</p>
